2023-08-03T17:59:28Z backup dir created at: /root/backup/bar/0001-bar
